// Jest Snapshot v1, https://goo.gl/fbAQLP

exports[`restyles renders preact elements with styles 1`] = `"<div class=\\"css-vmubhh\\">This will be preact-purple until hovered.<div class=\\"profile\\">This font size will be 20px</div></div>"`;
